

================================================================
== Vitis HLS Report for 'MPCthread'
================================================================
* Date:           Mon Feb 12 12:28:27 2024

* Version:        2022.1 (Build 3526262 on Mon Apr 18 15:48:16 MDT 2022)
* Project:        HLS_v1_v4_NPC_SDA_20khz
* Solution:       solution1 (Vivado IP Flow Target)
* Product family: kintex7
* Target device:  xc7k410t-fbg900-1


================================================================
== Performance Estimates
================================================================
+ Timing: 
    * Summary: 
    +--------+----------+----------+------------+
    |  Clock |  Target  | Estimated| Uncertainty|
    +--------+----------+----------+------------+
    |ap_clk  |  10.00 ns|  6.580 ns|     2.70 ns|
    +--------+----------+----------+------------+

+ Latency: 
    * Summary: 
    +---------+---------+----------+----------+-----+-----+---------+
    |  Latency (cycles) |  Latency (absolute) |  Interval | Pipeline|
    |   min   |   max   |    min   |    max   | min | max |   Type  |
    +---------+---------+----------+----------+-----+-----+---------+
    |        ?|        ?|         ?|         ?|    ?|    ?|       no|
    +---------+---------+----------+----------+-----+-----+---------+

    + Detail: 
        * Instance: 
        N/A

        * Loop: 
        N/A

============================================================
+ Verbose Summary: Synthesis Manager
============================================================
InlineROM: 1
ExposeGlobal: 0
============================================================
+ Verbose Summary: CDFG Model
============================================================
IsTopModel: 0
ResetActiveHigh: 1
IsCombinational: 0
IsDatapathOnly: 0
HasWiredReturn: 1
HasMFsm: 0
HasVarLatency: 1
IsPipeline: 0
IsRtlPipelined: 0
IsInstanceOverlapped: 0
IsDontTouch: 0
HasImplIP: 0
IsGatedGlobalClock: 0


============================================================
+ Verbose Summary: Schedule
============================================================
* Number of FSM states : 2
* Pipeline : 0
* Dataflow Pipeline: 0

* FSM state transitions: 
1 --> 2 
2 --> 

* FSM state operations: 

State 1 <SV = 0> <Delay = 3.80>
ST_1 : Operation 3 [1/1] (0.00ns)   --->   "%p_read21075 = read i7 @_ssdm_op_Read.ap_auto.i7, i7 %p_read210"   --->   Operation 3 'read' 'p_read21075' <Predicate = true> <Delay = 0.00>
ST_1 : Operation 4 [1/1] (0.00ns)   --->   "%p_read1674 = read i7 @_ssdm_op_Read.ap_auto.i7, i7 %p_read16"   --->   Operation 4 'read' 'p_read1674' <Predicate = true> <Delay = 0.00>
ST_1 : Operation 5 [1/1] (0.00ns)   --->   "%p_read3573 = read i7 @_ssdm_op_Read.ap_auto.i7, i7 %p_read35"   --->   Operation 5 'read' 'p_read3573' <Predicate = true> <Delay = 0.00>
ST_1 : Operation 6 [1/1] (0.00ns)   --->   "%helper_assignment_number_read = read i8 @_ssdm_op_Read.ap_auto.i8, i8 %helper_assignment_number"   --->   Operation 6 'read' 'helper_assignment_number_read' <Predicate = true> <Delay = 0.00>
ST_1 : Operation 7 [1/1] (0.00ns)   --->   "%p_read3471 = read i8 @_ssdm_op_Read.ap_auto.i8, i8 %p_read34"   --->   Operation 7 'read' 'p_read3471' <Predicate = true> <Delay = 0.00>
ST_1 : Operation 8 [1/1] (0.00ns)   --->   "%p_read3370 = read i8 @_ssdm_op_Read.ap_auto.i8, i8 %p_read33"   --->   Operation 8 'read' 'p_read3370' <Predicate = true> <Delay = 0.00>
ST_1 : Operation 9 [1/1] (0.00ns)   --->   "%p_read3269 = read i8 @_ssdm_op_Read.ap_auto.i8, i8 %p_read32"   --->   Operation 9 'read' 'p_read3269' <Predicate = true> <Delay = 0.00>
ST_1 : Operation 10 [1/1] (0.00ns)   --->   "%p_read3168 = read i8 @_ssdm_op_Read.ap_auto.i8, i8 %p_read31"   --->   Operation 10 'read' 'p_read3168' <Predicate = true> <Delay = 0.00>
ST_1 : Operation 11 [1/1] (0.00ns)   --->   "%p_read3067 = read i8 @_ssdm_op_Read.ap_auto.i8, i8 %p_read30"   --->   Operation 11 'read' 'p_read3067' <Predicate = true> <Delay = 0.00>
ST_1 : Operation 12 [1/1] (0.00ns)   --->   "%p_read2966 = read i8 @_ssdm_op_Read.ap_auto.i8, i8 %p_read29"   --->   Operation 12 'read' 'p_read2966' <Predicate = true> <Delay = 0.00>
ST_1 : Operation 13 [1/1] (0.00ns)   --->   "%p_read2865 = read i8 @_ssdm_op_Read.ap_auto.i8, i8 %p_read28"   --->   Operation 13 'read' 'p_read2865' <Predicate = true> <Delay = 0.00>
ST_1 : Operation 14 [1/1] (0.00ns)   --->   "%p_read2764 = read i8 @_ssdm_op_Read.ap_auto.i8, i8 %p_read27"   --->   Operation 14 'read' 'p_read2764' <Predicate = true> <Delay = 0.00>
ST_1 : Operation 15 [1/1] (0.00ns)   --->   "%p_read2663 = read i8 @_ssdm_op_Read.ap_auto.i8, i8 %p_read26"   --->   Operation 15 'read' 'p_read2663' <Predicate = true> <Delay = 0.00>
ST_1 : Operation 16 [1/1] (0.00ns)   --->   "%p_read2562 = read i32 @_ssdm_op_Read.ap_auto.i32, i32 %p_read25"   --->   Operation 16 'read' 'p_read2562' <Predicate = true> <Delay = 0.00>
ST_1 : Operation 17 [1/1] (0.00ns)   --->   "%p_read2461 = read i32 @_ssdm_op_Read.ap_auto.i32, i32 %p_read24"   --->   Operation 17 'read' 'p_read2461' <Predicate = true> <Delay = 0.00>
ST_1 : Operation 18 [1/1] (0.00ns)   --->   "%p_read2360 = read i32 @_ssdm_op_Read.ap_auto.i32, i32 %p_read23"   --->   Operation 18 'read' 'p_read2360' <Predicate = true> <Delay = 0.00>
ST_1 : Operation 19 [1/1] (0.00ns)   --->   "%p_read2259 = read i32 @_ssdm_op_Read.ap_auto.i32, i32 %p_read22"   --->   Operation 19 'read' 'p_read2259' <Predicate = true> <Delay = 0.00>
ST_1 : Operation 20 [1/1] (0.00ns)   --->   "%p_read2158 = read i32 @_ssdm_op_Read.ap_auto.i32, i32 %p_read21"   --->   Operation 20 'read' 'p_read2158' <Predicate = true> <Delay = 0.00>
ST_1 : Operation 21 [1/1] (0.00ns)   --->   "%p_read2057 = read i32 @_ssdm_op_Read.ap_auto.i32, i32 %p_read20"   --->   Operation 21 'read' 'p_read2057' <Predicate = true> <Delay = 0.00>
ST_1 : Operation 22 [1/1] (0.00ns)   --->   "%p_read1956 = read i32 @_ssdm_op_Read.ap_auto.i32, i32 %p_read19"   --->   Operation 22 'read' 'p_read1956' <Predicate = true> <Delay = 0.00>
ST_1 : Operation 23 [1/1] (0.00ns)   --->   "%p_read1855 = read i32 @_ssdm_op_Read.ap_auto.i32, i32 %p_read18"   --->   Operation 23 'read' 'p_read1855' <Predicate = true> <Delay = 0.00>
ST_1 : Operation 24 [1/1] (0.00ns)   --->   "%p_read1754 = read i32 @_ssdm_op_Read.ap_auto.i32, i32 %p_read17"   --->   Operation 24 'read' 'p_read1754' <Predicate = true> <Delay = 0.00>
ST_1 : Operation 25 [1/1] (0.00ns)   --->   "%p_read453 = read i32 @_ssdm_op_Read.ap_auto.i32, i32 %p_read4"   --->   Operation 25 'read' 'p_read453' <Predicate = true> <Delay = 0.00>
ST_1 : Operation 26 [1/1] (0.00ns)   --->   "%p_read1552 = read i8 @_ssdm_op_Read.ap_auto.i8, i8 %p_read15"   --->   Operation 26 'read' 'p_read1552' <Predicate = true> <Delay = 0.00>
ST_1 : Operation 27 [1/1] (0.00ns)   --->   "%p_read1451 = read i8 @_ssdm_op_Read.ap_auto.i8, i8 %p_read14"   --->   Operation 27 'read' 'p_read1451' <Predicate = true> <Delay = 0.00>
ST_1 : Operation 28 [1/1] (0.00ns)   --->   "%p_read1350 = read i8 @_ssdm_op_Read.ap_auto.i8, i8 %p_read13"   --->   Operation 28 'read' 'p_read1350' <Predicate = true> <Delay = 0.00>
ST_1 : Operation 29 [1/1] (0.00ns)   --->   "%p_read1249 = read i8 @_ssdm_op_Read.ap_auto.i8, i8 %p_read12"   --->   Operation 29 'read' 'p_read1249' <Predicate = true> <Delay = 0.00>
ST_1 : Operation 30 [1/1] (0.00ns)   --->   "%p_read1148 = read i8 @_ssdm_op_Read.ap_auto.i8, i8 %p_read11"   --->   Operation 30 'read' 'p_read1148' <Predicate = true> <Delay = 0.00>
ST_1 : Operation 31 [1/1] (0.00ns)   --->   "%p_read1047 = read i8 @_ssdm_op_Read.ap_auto.i8, i8 %p_read10"   --->   Operation 31 'read' 'p_read1047' <Predicate = true> <Delay = 0.00>
ST_1 : Operation 32 [1/1] (0.00ns)   --->   "%p_read946 = read i8 @_ssdm_op_Read.ap_auto.i8, i8 %p_read9"   --->   Operation 32 'read' 'p_read946' <Predicate = true> <Delay = 0.00>
ST_1 : Operation 33 [1/1] (0.00ns)   --->   "%p_read845 = read i8 @_ssdm_op_Read.ap_auto.i8, i8 %p_read8"   --->   Operation 33 'read' 'p_read845' <Predicate = true> <Delay = 0.00>
ST_1 : Operation 34 [1/1] (0.00ns)   --->   "%p_read744 = read i8 @_ssdm_op_Read.ap_auto.i8, i8 %p_read7"   --->   Operation 34 'read' 'p_read744' <Predicate = true> <Delay = 0.00>
ST_1 : Operation 35 [1/1] (0.00ns)   --->   "%INIT_branch_read = read i8 @_ssdm_op_Read.ap_auto.i8, i8 %INIT_branch"   --->   Operation 35 'read' 'INIT_branch_read' <Predicate = true> <Delay = 0.00>
ST_1 : Operation 36 [1/1] (0.00ns)   --->   "%p_read642 = read i8 @_ssdm_op_Read.ap_auto.i8, i8 %p_read6"   --->   Operation 36 'read' 'p_read642' <Predicate = true> <Delay = 0.00>
ST_1 : Operation 37 [1/1] (0.00ns)   --->   "%INIT_index_read = read i8 @_ssdm_op_Read.ap_auto.i8, i8 %INIT_index"   --->   Operation 37 'read' 'INIT_index_read' <Predicate = true> <Delay = 0.00>
ST_1 : Operation 38 [1/1] (0.00ns)   --->   "%p_read540 = read i8 @_ssdm_op_Read.ap_auto.i8, i8 %p_read5"   --->   Operation 38 'read' 'p_read540' <Predicate = true> <Delay = 0.00>
ST_1 : Operation 39 [1/1] (0.00ns)   --->   "%p_read239 = read i8 @_ssdm_op_Read.ap_auto.i8, i8 %p_read2"   --->   Operation 39 'read' 'p_read239' <Predicate = true> <Delay = 0.00>
ST_1 : Operation 40 [1/1] (0.00ns)   --->   "%p_read338 = read i8 @_ssdm_op_Read.ap_auto.i8, i8 %p_read3"   --->   Operation 40 'read' 'p_read338' <Predicate = true> <Delay = 0.00>
ST_1 : Operation 41 [1/1] (0.00ns)   --->   "%p_read137 = read i16 @_ssdm_op_Read.ap_auto.i16, i16 %p_read1"   --->   Operation 41 'read' 'p_read137' <Predicate = true> <Delay = 0.00>
ST_1 : Operation 42 [1/1] (0.00ns)   --->   "%p_read36 = read i32 @_ssdm_op_Read.ap_auto.i32, i32 %p_read"   --->   Operation 42 'read' 'p_read36' <Predicate = true> <Delay = 0.00>
ST_1 : Operation 43 [1/1] (0.00ns)   --->   "%empty = trunc i8 %p_read239"   --->   Operation 43 'trunc' 'empty' <Predicate = true> <Delay = 0.00>
ST_1 : Operation 44 [1/1] (0.00ns)   --->   "%specmemcore_ln727 = specmemcore void @_ssdm_op_SpecMemCore, void @MPCthread_ap_fixed_ap_fixed_ap_int_ap_int_ap_fixed_ap_fixed_6_ap_int_5, i64 666, i64 18, i64 18446744073709551615" [PHC_v1_v4_NPC_SDA_20khz/ThreadFunction.cpp:727]   --->   Operation 44 'specmemcore' 'specmemcore_ln727' <Predicate = true> <Delay = 0.00>
ST_1 : Operation 45 [1/1] (0.00ns)   --->   "%specmemcore_ln728 = specmemcore void @_ssdm_op_SpecMemCore, void @MPCthread_ap_fixed_ap_fixed_ap_int_ap_int_ap_fixed_ap_fixed_6_ap_int_4, i64 666, i64 18, i64 18446744073709551615" [PHC_v1_v4_NPC_SDA_20khz/ThreadFunction.cpp:728]   --->   Operation 45 'specmemcore' 'specmemcore_ln728' <Predicate = true> <Delay = 0.00>
ST_1 : Operation 46 [1/1] (0.00ns)   --->   "%specmemcore_ln729 = specmemcore void @_ssdm_op_SpecMemCore, void @MPCthread_ap_fixed_ap_fixed_ap_int_ap_int_ap_fixed_ap_fixed_6_ap_int_3, i64 666, i64 18, i64 18446744073709551615" [PHC_v1_v4_NPC_SDA_20khz/ThreadFunction.cpp:729]   --->   Operation 46 'specmemcore' 'specmemcore_ln729' <Predicate = true> <Delay = 0.00>
ST_1 : Operation 47 [1/1] (0.00ns)   --->   "%specmemcore_ln730 = specmemcore void @_ssdm_op_SpecMemCore, void @MPCthread_ap_fixed_ap_fixed_ap_int_ap_int_ap_fixed_ap_fixed_6_ap_int_2, i64 666, i64 18, i64 18446744073709551615" [PHC_v1_v4_NPC_SDA_20khz/ThreadFunction.cpp:730]   --->   Operation 47 'specmemcore' 'specmemcore_ln730' <Predicate = true> <Delay = 0.00>
ST_1 : Operation 48 [1/1] (0.00ns)   --->   "%specmemcore_ln731 = specmemcore void @_ssdm_op_SpecMemCore, void @MPCthread_ap_fixed_ap_fixed_ap_int_ap_int_ap_fixed_ap_fixed_6_ap_int_1, i64 666, i64 18, i64 18446744073709551615" [PHC_v1_v4_NPC_SDA_20khz/ThreadFunction.cpp:731]   --->   Operation 48 'specmemcore' 'specmemcore_ln731' <Predicate = true> <Delay = 0.00>
ST_1 : Operation 49 [1/1] (0.00ns)   --->   "%specmemcore_ln732 = specmemcore void @_ssdm_op_SpecMemCore, void @MPCthread_mulmulmulmulmulmulmulap_fixed_ap_fixed_ap_int_ap_int_ap_fixed_ap_fixed_6_ap_int, i64 666, i64 18, i64 18446744073709551615" [PHC_v1_v4_NPC_SDA_20khz/ThreadFunction.cpp:732]   --->   Operation 49 'specmemcore' 'specmemcore_ln732' <Predicate = true> <Delay = 0.00>
ST_1 : Operation 50 [1/1] (0.00ns)   --->   "%tmp = partselect i7 @_ssdm_op_PartSelect.i7.i8.i32.i32, i8 %p_read239, i32 1, i32 7" [PHC_v1_v4_NPC_SDA_20khz/ThreadFunction.cpp:822]   --->   Operation 50 'partselect' 'tmp' <Predicate = true> <Delay = 0.00>
ST_1 : Operation 51 [1/1] (1.18ns)   --->   "%icmp_ln822 = icmp_eq  i7 %tmp, i7 0" [PHC_v1_v4_NPC_SDA_20khz/ThreadFunction.cpp:822]   --->   Operation 51 'icmp' 'icmp_ln822' <Predicate = true> <Delay = 1.18> <CoreInst = "Cmp">   --->   Core 9 'Cmp' <Latency = 0> <II = 1> <Delay = 1.18> <FuncUnit> <Opcode : 'icmp'> <InPorts = 2> <OutPorts = 1>
ST_1 : Operation 52 [1/1] (1.02ns)   --->   "%br_ln822 = br i1 %icmp_ln822, void %if.end, void %if.then" [PHC_v1_v4_NPC_SDA_20khz/ThreadFunction.cpp:822]   --->   Operation 52 'br' 'br_ln822' <Predicate = true> <Delay = 1.02>
ST_1 : Operation 53 [2/2] (2.61ns)   --->   "%call_ret = call i544 @ThreadPE, i32 %p_read36, i16 %p_read137, i8 %p_read338, i1 %empty, i8 %p_read540, i8 %INIT_index_read, i8 %p_read642, i8 %INIT_branch_read, i8 %p_read744, i8 %p_read845, i8 %p_read946, i8 %p_read1047, i8 %p_read1148, i8 %p_read1249, i8 %p_read1350, i8 %p_read1451, i8 %p_read1552, i32 %p_read453, i32 %p_read1754, i32 %p_read1855, i32 %p_read1956, i32 %p_read2057, i32 %p_read2158, i32 %p_read2259, i32 %p_read2360, i32 %p_read2461, i32 %p_read2562, i8 %p_read2663, i8 %p_read2764, i8 %p_read2865, i8 %p_read2966, i8 %p_read3067, i8 %p_read3168, i8 %p_read3269, i8 %p_read3370, i8 %p_read3471, i8 %helper_assignment_number_read, i7 %p_read3573, i7 %p_read1674, i7 %p_read21075, i16 %UBarUnc" [PHC_v1_v4_NPC_SDA_20khz/ThreadFunction.cpp:823]   --->   Operation 53 'call' 'call_ret' <Predicate = (icmp_ln822)> <Delay = 2.61> <CoreType = "Generic">   --->   Core 0 '' <Latency = 0> <II = 1> <Delay = 1.00> <Generic> <Opcode : >

State 2 <SV = 1> <Delay = 6.24>
ST_2 : Operation 54 [1/2] (5.21ns)   --->   "%call_ret = call i544 @ThreadPE, i32 %p_read36, i16 %p_read137, i8 %p_read338, i1 %empty, i8 %p_read540, i8 %INIT_index_read, i8 %p_read642, i8 %INIT_branch_read, i8 %p_read744, i8 %p_read845, i8 %p_read946, i8 %p_read1047, i8 %p_read1148, i8 %p_read1249, i8 %p_read1350, i8 %p_read1451, i8 %p_read1552, i32 %p_read453, i32 %p_read1754, i32 %p_read1855, i32 %p_read1956, i32 %p_read2057, i32 %p_read2158, i32 %p_read2259, i32 %p_read2360, i32 %p_read2461, i32 %p_read2562, i8 %p_read2663, i8 %p_read2764, i8 %p_read2865, i8 %p_read2966, i8 %p_read3067, i8 %p_read3168, i8 %p_read3269, i8 %p_read3370, i8 %p_read3471, i8 %helper_assignment_number_read, i7 %p_read3573, i7 %p_read1674, i7 %p_read21075, i16 %UBarUnc" [PHC_v1_v4_NPC_SDA_20khz/ThreadFunction.cpp:823]   --->   Operation 54 'call' 'call_ret' <Predicate = (icmp_ln822)> <Delay = 5.21> <CoreType = "Generic">   --->   Core 0 '' <Latency = 0> <II = 1> <Delay = 1.00> <Generic> <Opcode : >
ST_2 : Operation 55 [1/1] (0.00ns)   --->   "%helpedList_8_ret = extractvalue i544 %call_ret" [PHC_v1_v4_NPC_SDA_20khz/ThreadFunction.cpp:823]   --->   Operation 55 'extractvalue' 'helpedList_8_ret' <Predicate = (icmp_ln822)> <Delay = 0.00>
ST_2 : Operation 56 [1/1] (0.00ns)   --->   "%helpedList_7_ret = extractvalue i544 %call_ret" [PHC_v1_v4_NPC_SDA_20khz/ThreadFunction.cpp:823]   --->   Operation 56 'extractvalue' 'helpedList_7_ret' <Predicate = (icmp_ln822)> <Delay = 0.00>
ST_2 : Operation 57 [1/1] (0.00ns)   --->   "%helpedList_6_ret = extractvalue i544 %call_ret" [PHC_v1_v4_NPC_SDA_20khz/ThreadFunction.cpp:823]   --->   Operation 57 'extractvalue' 'helpedList_6_ret' <Predicate = (icmp_ln822)> <Delay = 0.00>
ST_2 : Operation 58 [1/1] (0.00ns)   --->   "%helpedList_5_ret = extractvalue i544 %call_ret" [PHC_v1_v4_NPC_SDA_20khz/ThreadFunction.cpp:823]   --->   Operation 58 'extractvalue' 'helpedList_5_ret' <Predicate = (icmp_ln822)> <Delay = 0.00>
ST_2 : Operation 59 [1/1] (0.00ns)   --->   "%helpedList_4_ret = extractvalue i544 %call_ret" [PHC_v1_v4_NPC_SDA_20khz/ThreadFunction.cpp:823]   --->   Operation 59 'extractvalue' 'helpedList_4_ret' <Predicate = (icmp_ln822)> <Delay = 0.00>
ST_2 : Operation 60 [1/1] (0.00ns)   --->   "%helpedList_3_ret = extractvalue i544 %call_ret" [PHC_v1_v4_NPC_SDA_20khz/ThreadFunction.cpp:823]   --->   Operation 60 'extractvalue' 'helpedList_3_ret' <Predicate = (icmp_ln822)> <Delay = 0.00>
ST_2 : Operation 61 [1/1] (0.00ns)   --->   "%helpedList_2_ret = extractvalue i544 %call_ret" [PHC_v1_v4_NPC_SDA_20khz/ThreadFunction.cpp:823]   --->   Operation 61 'extractvalue' 'helpedList_2_ret' <Predicate = (icmp_ln822)> <Delay = 0.00>
ST_2 : Operation 62 [1/1] (0.00ns)   --->   "%helpedList_1_ret = extractvalue i544 %call_ret" [PHC_v1_v4_NPC_SDA_20khz/ThreadFunction.cpp:823]   --->   Operation 62 'extractvalue' 'helpedList_1_ret' <Predicate = (icmp_ln822)> <Delay = 0.00>
ST_2 : Operation 63 [1/1] (0.00ns)   --->   "%helpedList_0_ret = extractvalue i544 %call_ret" [PHC_v1_v4_NPC_SDA_20khz/ThreadFunction.cpp:823]   --->   Operation 63 'extractvalue' 'helpedList_0_ret' <Predicate = (icmp_ln822)> <Delay = 0.00>
ST_2 : Operation 64 [1/1] (0.00ns)   --->   "%J_visited_8_ret = extractvalue i544 %call_ret" [PHC_v1_v4_NPC_SDA_20khz/ThreadFunction.cpp:823]   --->   Operation 64 'extractvalue' 'J_visited_8_ret' <Predicate = (icmp_ln822)> <Delay = 0.00>
ST_2 : Operation 65 [1/1] (0.00ns)   --->   "%J_visited_7_ret = extractvalue i544 %call_ret" [PHC_v1_v4_NPC_SDA_20khz/ThreadFunction.cpp:823]   --->   Operation 65 'extractvalue' 'J_visited_7_ret' <Predicate = (icmp_ln822)> <Delay = 0.00>
ST_2 : Operation 66 [1/1] (0.00ns)   --->   "%J_visited_6_ret = extractvalue i544 %call_ret" [PHC_v1_v4_NPC_SDA_20khz/ThreadFunction.cpp:823]   --->   Operation 66 'extractvalue' 'J_visited_6_ret' <Predicate = (icmp_ln822)> <Delay = 0.00>
ST_2 : Operation 67 [1/1] (0.00ns)   --->   "%J_visited_5_ret = extractvalue i544 %call_ret" [PHC_v1_v4_NPC_SDA_20khz/ThreadFunction.cpp:823]   --->   Operation 67 'extractvalue' 'J_visited_5_ret' <Predicate = (icmp_ln822)> <Delay = 0.00>
ST_2 : Operation 68 [1/1] (0.00ns)   --->   "%J_visited_4_ret = extractvalue i544 %call_ret" [PHC_v1_v4_NPC_SDA_20khz/ThreadFunction.cpp:823]   --->   Operation 68 'extractvalue' 'J_visited_4_ret' <Predicate = (icmp_ln822)> <Delay = 0.00>
ST_2 : Operation 69 [1/1] (0.00ns)   --->   "%J_visited_3_ret = extractvalue i544 %call_ret" [PHC_v1_v4_NPC_SDA_20khz/ThreadFunction.cpp:823]   --->   Operation 69 'extractvalue' 'J_visited_3_ret' <Predicate = (icmp_ln822)> <Delay = 0.00>
ST_2 : Operation 70 [1/1] (0.00ns)   --->   "%J_visited_2_ret = extractvalue i544 %call_ret" [PHC_v1_v4_NPC_SDA_20khz/ThreadFunction.cpp:823]   --->   Operation 70 'extractvalue' 'J_visited_2_ret' <Predicate = (icmp_ln822)> <Delay = 0.00>
ST_2 : Operation 71 [1/1] (0.00ns)   --->   "%J_visited_1_ret = extractvalue i544 %call_ret" [PHC_v1_v4_NPC_SDA_20khz/ThreadFunction.cpp:823]   --->   Operation 71 'extractvalue' 'J_visited_1_ret' <Predicate = (icmp_ln822)> <Delay = 0.00>
ST_2 : Operation 72 [1/1] (0.00ns)   --->   "%J_visited_0_ret = extractvalue i544 %call_ret" [PHC_v1_v4_NPC_SDA_20khz/ThreadFunction.cpp:823]   --->   Operation 72 'extractvalue' 'J_visited_0_ret' <Predicate = (icmp_ln822)> <Delay = 0.00>
ST_2 : Operation 73 [1/1] (0.00ns)   --->   "%location_8_ret = extractvalue i544 %call_ret" [PHC_v1_v4_NPC_SDA_20khz/ThreadFunction.cpp:823]   --->   Operation 73 'extractvalue' 'location_8_ret' <Predicate = (icmp_ln822)> <Delay = 0.00>
ST_2 : Operation 74 [1/1] (0.00ns)   --->   "%location_7_ret = extractvalue i544 %call_ret" [PHC_v1_v4_NPC_SDA_20khz/ThreadFunction.cpp:823]   --->   Operation 74 'extractvalue' 'location_7_ret' <Predicate = (icmp_ln822)> <Delay = 0.00>
ST_2 : Operation 75 [1/1] (0.00ns)   --->   "%location_6_ret = extractvalue i544 %call_ret" [PHC_v1_v4_NPC_SDA_20khz/ThreadFunction.cpp:823]   --->   Operation 75 'extractvalue' 'location_6_ret' <Predicate = (icmp_ln822)> <Delay = 0.00>
ST_2 : Operation 76 [1/1] (0.00ns)   --->   "%location_5_ret = extractvalue i544 %call_ret" [PHC_v1_v4_NPC_SDA_20khz/ThreadFunction.cpp:823]   --->   Operation 76 'extractvalue' 'location_5_ret' <Predicate = (icmp_ln822)> <Delay = 0.00>
ST_2 : Operation 77 [1/1] (0.00ns)   --->   "%location_4_ret = extractvalue i544 %call_ret" [PHC_v1_v4_NPC_SDA_20khz/ThreadFunction.cpp:823]   --->   Operation 77 'extractvalue' 'location_4_ret' <Predicate = (icmp_ln822)> <Delay = 0.00>
ST_2 : Operation 78 [1/1] (0.00ns)   --->   "%location_3_ret = extractvalue i544 %call_ret" [PHC_v1_v4_NPC_SDA_20khz/ThreadFunction.cpp:823]   --->   Operation 78 'extractvalue' 'location_3_ret' <Predicate = (icmp_ln822)> <Delay = 0.00>
ST_2 : Operation 79 [1/1] (0.00ns)   --->   "%location_2_ret = extractvalue i544 %call_ret" [PHC_v1_v4_NPC_SDA_20khz/ThreadFunction.cpp:823]   --->   Operation 79 'extractvalue' 'location_2_ret' <Predicate = (icmp_ln822)> <Delay = 0.00>
ST_2 : Operation 80 [1/1] (0.00ns)   --->   "%location_1_ret = extractvalue i544 %call_ret" [PHC_v1_v4_NPC_SDA_20khz/ThreadFunction.cpp:823]   --->   Operation 80 'extractvalue' 'location_1_ret' <Predicate = (icmp_ln822)> <Delay = 0.00>
ST_2 : Operation 81 [1/1] (0.00ns)   --->   "%location_0_ret = extractvalue i544 %call_ret" [PHC_v1_v4_NPC_SDA_20khz/ThreadFunction.cpp:823]   --->   Operation 81 'extractvalue' 'location_0_ret' <Predicate = (icmp_ln822)> <Delay = 0.00>
ST_2 : Operation 82 [1/1] (0.00ns)   --->   "%branch_ret = extractvalue i544 %call_ret" [PHC_v1_v4_NPC_SDA_20khz/ThreadFunction.cpp:823]   --->   Operation 82 'extractvalue' 'branch_ret' <Predicate = (icmp_ln822)> <Delay = 0.00>
ST_2 : Operation 83 [1/1] (0.00ns)   --->   "%index_ret = extractvalue i544 %call_ret" [PHC_v1_v4_NPC_SDA_20khz/ThreadFunction.cpp:823]   --->   Operation 83 'extractvalue' 'index_ret' <Predicate = (icmp_ln822)> <Delay = 0.00>
ST_2 : Operation 84 [1/1] (0.00ns)   --->   "%nextgate_ret = extractvalue i544 %call_ret" [PHC_v1_v4_NPC_SDA_20khz/ThreadFunction.cpp:823]   --->   Operation 84 'extractvalue' 'nextgate_ret' <Predicate = (icmp_ln822)> <Delay = 0.00>
ST_2 : Operation 85 [1/1] (0.00ns)   --->   "%CalcNum_ret = extractvalue i544 %call_ret" [PHC_v1_v4_NPC_SDA_20khz/ThreadFunction.cpp:823]   --->   Operation 85 'extractvalue' 'CalcNum_ret' <Predicate = (icmp_ln822)> <Delay = 0.00>
ST_2 : Operation 86 [1/1] (0.00ns)   --->   "%Jmin_ret = extractvalue i544 %call_ret" [PHC_v1_v4_NPC_SDA_20khz/ThreadFunction.cpp:823]   --->   Operation 86 'extractvalue' 'Jmin_ret' <Predicate = (icmp_ln822)> <Delay = 0.00>
ST_2 : Operation 87 [1/1] (0.00ns)   --->   "%state_ret = extractvalue i544 %call_ret" [PHC_v1_v4_NPC_SDA_20khz/ThreadFunction.cpp:823]   --->   Operation 87 'extractvalue' 'state_ret' <Predicate = (icmp_ln822)> <Delay = 0.00>
ST_2 : Operation 88 [1/1] (0.00ns)   --->   "%J_current_ret = extractvalue i544 %call_ret" [PHC_v1_v4_NPC_SDA_20khz/ThreadFunction.cpp:823]   --->   Operation 88 'extractvalue' 'J_current_ret' <Predicate = (icmp_ln822)> <Delay = 0.00>
ST_2 : Operation 89 [1/1] (1.02ns)   --->   "%br_ln831 = br void %if.end" [PHC_v1_v4_NPC_SDA_20khz/ThreadFunction.cpp:831]   --->   Operation 89 'br' 'br_ln831' <Predicate = (icmp_ln822)> <Delay = 1.02>
ST_2 : Operation 90 [1/1] (0.00ns)   --->   "%CalcNum_0 = phi i16 %CalcNum_ret, void %if.then, i16 %p_read137, void %entry" [PHC_v1_v4_NPC_SDA_20khz/ThreadFunction.cpp:823]   --->   Operation 90 'phi' 'CalcNum_0' <Predicate = true> <Delay = 0.00>
ST_2 : Operation 91 [1/1] (0.00ns)   --->   "%nextgate_0 = phi i8 %nextgate_ret, void %if.then, i8 %p_read338, void %entry" [PHC_v1_v4_NPC_SDA_20khz/ThreadFunction.cpp:823]   --->   Operation 91 'phi' 'nextgate_0' <Predicate = true> <Delay = 0.00>
ST_2 : Operation 92 [1/1] (0.00ns)   --->   "%index_0 = phi i8 %index_ret, void %if.then, i8 %p_read540, void %entry" [PHC_v1_v4_NPC_SDA_20khz/ThreadFunction.cpp:823]   --->   Operation 92 'phi' 'index_0' <Predicate = true> <Delay = 0.00>
ST_2 : Operation 93 [1/1] (0.00ns)   --->   "%branch_0 = phi i8 %branch_ret, void %if.then, i8 %p_read642, void %entry" [PHC_v1_v4_NPC_SDA_20khz/ThreadFunction.cpp:823]   --->   Operation 93 'phi' 'branch_0' <Predicate = true> <Delay = 0.00>
ST_2 : Operation 94 [1/1] (0.00ns)   --->   "%location_0_0 = phi i8 %location_0_ret, void %if.then, i8 %p_read744, void %entry" [PHC_v1_v4_NPC_SDA_20khz/ThreadFunction.cpp:823]   --->   Operation 94 'phi' 'location_0_0' <Predicate = true> <Delay = 0.00>
ST_2 : Operation 95 [1/1] (0.00ns)   --->   "%location_1_0 = phi i8 %location_1_ret, void %if.then, i8 %p_read845, void %entry" [PHC_v1_v4_NPC_SDA_20khz/ThreadFunction.cpp:823]   --->   Operation 95 'phi' 'location_1_0' <Predicate = true> <Delay = 0.00>
ST_2 : Operation 96 [1/1] (0.00ns)   --->   "%location_2_0 = phi i8 %location_2_ret, void %if.then, i8 %p_read946, void %entry" [PHC_v1_v4_NPC_SDA_20khz/ThreadFunction.cpp:823]   --->   Operation 96 'phi' 'location_2_0' <Predicate = true> <Delay = 0.00>
ST_2 : Operation 97 [1/1] (0.00ns)   --->   "%location_3_0 = phi i8 %location_3_ret, void %if.then, i8 %p_read1047, void %entry" [PHC_v1_v4_NPC_SDA_20khz/ThreadFunction.cpp:823]   --->   Operation 97 'phi' 'location_3_0' <Predicate = true> <Delay = 0.00>
ST_2 : Operation 98 [1/1] (0.00ns)   --->   "%location_4_0 = phi i8 %location_4_ret, void %if.then, i8 %p_read1148, void %entry" [PHC_v1_v4_NPC_SDA_20khz/ThreadFunction.cpp:823]   --->   Operation 98 'phi' 'location_4_0' <Predicate = true> <Delay = 0.00>
ST_2 : Operation 99 [1/1] (0.00ns)   --->   "%location_5_0 = phi i8 %location_5_ret, void %if.then, i8 %p_read1249, void %entry" [PHC_v1_v4_NPC_SDA_20khz/ThreadFunction.cpp:823]   --->   Operation 99 'phi' 'location_5_0' <Predicate = true> <Delay = 0.00>
ST_2 : Operation 100 [1/1] (0.00ns)   --->   "%location_6_0 = phi i8 %location_6_ret, void %if.then, i8 %p_read1350, void %entry" [PHC_v1_v4_NPC_SDA_20khz/ThreadFunction.cpp:823]   --->   Operation 100 'phi' 'location_6_0' <Predicate = true> <Delay = 0.00>
ST_2 : Operation 101 [1/1] (0.00ns)   --->   "%location_7_0 = phi i8 %location_7_ret, void %if.then, i8 %p_read1451, void %entry" [PHC_v1_v4_NPC_SDA_20khz/ThreadFunction.cpp:823]   --->   Operation 101 'phi' 'location_7_0' <Predicate = true> <Delay = 0.00>
ST_2 : Operation 102 [1/1] (0.00ns)   --->   "%location_8_0 = phi i8 %location_8_ret, void %if.then, i8 %p_read1552, void %entry" [PHC_v1_v4_NPC_SDA_20khz/ThreadFunction.cpp:823]   --->   Operation 102 'phi' 'location_8_0' <Predicate = true> <Delay = 0.00>
ST_2 : Operation 103 [1/1] (0.00ns)   --->   "%J_visited_0_0 = phi i32 %J_visited_0_ret, void %if.then, i32 %p_read1754, void %entry" [PHC_v1_v4_NPC_SDA_20khz/ThreadFunction.cpp:823]   --->   Operation 103 'phi' 'J_visited_0_0' <Predicate = true> <Delay = 0.00>
ST_2 : Operation 104 [1/1] (0.00ns)   --->   "%J_visited_1_0 = phi i32 %J_visited_1_ret, void %if.then, i32 %p_read1855, void %entry" [PHC_v1_v4_NPC_SDA_20khz/ThreadFunction.cpp:823]   --->   Operation 104 'phi' 'J_visited_1_0' <Predicate = true> <Delay = 0.00>
ST_2 : Operation 105 [1/1] (0.00ns)   --->   "%J_visited_2_0 = phi i32 %J_visited_2_ret, void %if.then, i32 %p_read1956, void %entry" [PHC_v1_v4_NPC_SDA_20khz/ThreadFunction.cpp:823]   --->   Operation 105 'phi' 'J_visited_2_0' <Predicate = true> <Delay = 0.00>
ST_2 : Operation 106 [1/1] (0.00ns)   --->   "%J_visited_3_0 = phi i32 %J_visited_3_ret, void %if.then, i32 %p_read2057, void %entry" [PHC_v1_v4_NPC_SDA_20khz/ThreadFunction.cpp:823]   --->   Operation 106 'phi' 'J_visited_3_0' <Predicate = true> <Delay = 0.00>
ST_2 : Operation 107 [1/1] (0.00ns)   --->   "%J_visited_4_0 = phi i32 %J_visited_4_ret, void %if.then, i32 %p_read2158, void %entry" [PHC_v1_v4_NPC_SDA_20khz/ThreadFunction.cpp:823]   --->   Operation 107 'phi' 'J_visited_4_0' <Predicate = true> <Delay = 0.00>
ST_2 : Operation 108 [1/1] (0.00ns)   --->   "%J_visited_5_0 = phi i32 %J_visited_5_ret, void %if.then, i32 %p_read2259, void %entry" [PHC_v1_v4_NPC_SDA_20khz/ThreadFunction.cpp:823]   --->   Operation 108 'phi' 'J_visited_5_0' <Predicate = true> <Delay = 0.00>
ST_2 : Operation 109 [1/1] (0.00ns)   --->   "%J_visited_6_0 = phi i32 %J_visited_6_ret, void %if.then, i32 %p_read2360, void %entry" [PHC_v1_v4_NPC_SDA_20khz/ThreadFunction.cpp:823]   --->   Operation 109 'phi' 'J_visited_6_0' <Predicate = true> <Delay = 0.00>
ST_2 : Operation 110 [1/1] (0.00ns)   --->   "%J_visited_7_0 = phi i32 %J_visited_7_ret, void %if.then, i32 %p_read2461, void %entry" [PHC_v1_v4_NPC_SDA_20khz/ThreadFunction.cpp:823]   --->   Operation 110 'phi' 'J_visited_7_0' <Predicate = true> <Delay = 0.00>
ST_2 : Operation 111 [1/1] (0.00ns)   --->   "%J_visited_8_0 = phi i32 %J_visited_8_ret, void %if.then, i32 %p_read2562, void %entry" [PHC_v1_v4_NPC_SDA_20khz/ThreadFunction.cpp:823]   --->   Operation 111 'phi' 'J_visited_8_0' <Predicate = true> <Delay = 0.00>
ST_2 : Operation 112 [1/1] (0.00ns)   --->   "%helpedList_0_0 = phi i8 %helpedList_0_ret, void %if.then, i8 %p_read2663, void %entry" [PHC_v1_v4_NPC_SDA_20khz/ThreadFunction.cpp:823]   --->   Operation 112 'phi' 'helpedList_0_0' <Predicate = true> <Delay = 0.00>
ST_2 : Operation 113 [1/1] (0.00ns)   --->   "%helpedList_1_0 = phi i8 %helpedList_1_ret, void %if.then, i8 %p_read2764, void %entry" [PHC_v1_v4_NPC_SDA_20khz/ThreadFunction.cpp:823]   --->   Operation 113 'phi' 'helpedList_1_0' <Predicate = true> <Delay = 0.00>
ST_2 : Operation 114 [1/1] (0.00ns)   --->   "%helpedList_2_0 = phi i8 %helpedList_2_ret, void %if.then, i8 %p_read2865, void %entry" [PHC_v1_v4_NPC_SDA_20khz/ThreadFunction.cpp:823]   --->   Operation 114 'phi' 'helpedList_2_0' <Predicate = true> <Delay = 0.00>
ST_2 : Operation 115 [1/1] (0.00ns)   --->   "%helpedList_3_0 = phi i8 %helpedList_3_ret, void %if.then, i8 %p_read2966, void %entry" [PHC_v1_v4_NPC_SDA_20khz/ThreadFunction.cpp:823]   --->   Operation 115 'phi' 'helpedList_3_0' <Predicate = true> <Delay = 0.00>
ST_2 : Operation 116 [1/1] (0.00ns)   --->   "%helpedList_4_0 = phi i8 %helpedList_4_ret, void %if.then, i8 %p_read3067, void %entry" [PHC_v1_v4_NPC_SDA_20khz/ThreadFunction.cpp:823]   --->   Operation 116 'phi' 'helpedList_4_0' <Predicate = true> <Delay = 0.00>
ST_2 : Operation 117 [1/1] (0.00ns)   --->   "%helpedList_5_0 = phi i8 %helpedList_5_ret, void %if.then, i8 %p_read3168, void %entry" [PHC_v1_v4_NPC_SDA_20khz/ThreadFunction.cpp:823]   --->   Operation 117 'phi' 'helpedList_5_0' <Predicate = true> <Delay = 0.00>
ST_2 : Operation 118 [1/1] (0.00ns)   --->   "%helpedList_6_0 = phi i8 %helpedList_6_ret, void %if.then, i8 %p_read3269, void %entry" [PHC_v1_v4_NPC_SDA_20khz/ThreadFunction.cpp:823]   --->   Operation 118 'phi' 'helpedList_6_0' <Predicate = true> <Delay = 0.00>
ST_2 : Operation 119 [1/1] (0.00ns)   --->   "%helpedList_7_0 = phi i8 %helpedList_7_ret, void %if.then, i8 %p_read3370, void %entry" [PHC_v1_v4_NPC_SDA_20khz/ThreadFunction.cpp:823]   --->   Operation 119 'phi' 'helpedList_7_0' <Predicate = true> <Delay = 0.00>
ST_2 : Operation 120 [1/1] (0.00ns)   --->   "%helpedList_8_0 = phi i8 %helpedList_8_ret, void %if.then, i8 %p_read3471, void %entry" [PHC_v1_v4_NPC_SDA_20khz/ThreadFunction.cpp:823]   --->   Operation 120 'phi' 'helpedList_8_0' <Predicate = true> <Delay = 0.00>
ST_2 : Operation 121 [1/1] (0.00ns)   --->   "%Jmin_0 = phi i32 %Jmin_ret, void %if.then, i32 %p_read36, void %entry" [PHC_v1_v4_NPC_SDA_20khz/ThreadFunction.cpp:823]   --->   Operation 121 'phi' 'Jmin_0' <Predicate = true> <Delay = 0.00>
ST_2 : Operation 122 [1/1] (0.00ns)   --->   "%state_0 = phi i8 %state_ret, void %if.then, i8 %p_read239, void %entry" [PHC_v1_v4_NPC_SDA_20khz/ThreadFunction.cpp:823]   --->   Operation 122 'phi' 'state_0' <Predicate = true> <Delay = 0.00>
ST_2 : Operation 123 [1/1] (0.00ns)   --->   "%J_current_0 = phi i32 %J_current_ret, void %if.then, i32 %p_read453, void %entry" [PHC_v1_v4_NPC_SDA_20khz/ThreadFunction.cpp:823]   --->   Operation 123 'phi' 'J_current_0' <Predicate = true> <Delay = 0.00>
ST_2 : Operation 124 [1/1] (0.00ns)   --->   "%mrv_042 = insertvalue i544 <undef>, i16 %CalcNum_0" [PHC_v1_v4_NPC_SDA_20khz/ThreadFunction.cpp:832]   --->   Operation 124 'insertvalue' 'mrv_042' <Predicate = true> <Delay = 0.00>
ST_2 : Operation 125 [1/1] (0.00ns)   --->   "%mrv_143 = insertvalue i544 %mrv_042, i8 %nextgate_0" [PHC_v1_v4_NPC_SDA_20khz/ThreadFunction.cpp:832]   --->   Operation 125 'insertvalue' 'mrv_143' <Predicate = true> <Delay = 0.00>
ST_2 : Operation 126 [1/1] (0.00ns)   --->   "%mrv_244 = insertvalue i544 %mrv_143, i8 %index_0" [PHC_v1_v4_NPC_SDA_20khz/ThreadFunction.cpp:832]   --->   Operation 126 'insertvalue' 'mrv_244' <Predicate = true> <Delay = 0.00>
ST_2 : Operation 127 [1/1] (0.00ns)   --->   "%mrv_345 = insertvalue i544 %mrv_244, i8 %branch_0" [PHC_v1_v4_NPC_SDA_20khz/ThreadFunction.cpp:832]   --->   Operation 127 'insertvalue' 'mrv_345' <Predicate = true> <Delay = 0.00>
ST_2 : Operation 128 [1/1] (0.00ns)   --->   "%mrv_446 = insertvalue i544 %mrv_345, i8 %location_0_0" [PHC_v1_v4_NPC_SDA_20khz/ThreadFunction.cpp:832]   --->   Operation 128 'insertvalue' 'mrv_446' <Predicate = true> <Delay = 0.00>
ST_2 : Operation 129 [1/1] (0.00ns)   --->   "%mrv_547 = insertvalue i544 %mrv_446, i8 %location_1_0" [PHC_v1_v4_NPC_SDA_20khz/ThreadFunction.cpp:832]   --->   Operation 129 'insertvalue' 'mrv_547' <Predicate = true> <Delay = 0.00>
ST_2 : Operation 130 [1/1] (0.00ns)   --->   "%mrv_648 = insertvalue i544 %mrv_547, i8 %location_2_0" [PHC_v1_v4_NPC_SDA_20khz/ThreadFunction.cpp:832]   --->   Operation 130 'insertvalue' 'mrv_648' <Predicate = true> <Delay = 0.00>
ST_2 : Operation 131 [1/1] (0.00ns)   --->   "%mrv_749 = insertvalue i544 %mrv_648, i8 %location_3_0" [PHC_v1_v4_NPC_SDA_20khz/ThreadFunction.cpp:832]   --->   Operation 131 'insertvalue' 'mrv_749' <Predicate = true> <Delay = 0.00>
ST_2 : Operation 132 [1/1] (0.00ns)   --->   "%mrv_850 = insertvalue i544 %mrv_749, i8 %location_4_0" [PHC_v1_v4_NPC_SDA_20khz/ThreadFunction.cpp:832]   --->   Operation 132 'insertvalue' 'mrv_850' <Predicate = true> <Delay = 0.00>
ST_2 : Operation 133 [1/1] (0.00ns)   --->   "%mrv_951 = insertvalue i544 %mrv_850, i8 %location_5_0" [PHC_v1_v4_NPC_SDA_20khz/ThreadFunction.cpp:832]   --->   Operation 133 'insertvalue' 'mrv_951' <Predicate = true> <Delay = 0.00>
ST_2 : Operation 134 [1/1] (0.00ns)   --->   "%mrv_1052 = insertvalue i544 %mrv_951, i8 %location_6_0" [PHC_v1_v4_NPC_SDA_20khz/ThreadFunction.cpp:832]   --->   Operation 134 'insertvalue' 'mrv_1052' <Predicate = true> <Delay = 0.00>
ST_2 : Operation 135 [1/1] (0.00ns)   --->   "%mrv_1153 = insertvalue i544 %mrv_1052, i8 %location_7_0" [PHC_v1_v4_NPC_SDA_20khz/ThreadFunction.cpp:832]   --->   Operation 135 'insertvalue' 'mrv_1153' <Predicate = true> <Delay = 0.00>
ST_2 : Operation 136 [1/1] (0.00ns)   --->   "%mrv_1254 = insertvalue i544 %mrv_1153, i8 %location_8_0" [PHC_v1_v4_NPC_SDA_20khz/ThreadFunction.cpp:832]   --->   Operation 136 'insertvalue' 'mrv_1254' <Predicate = true> <Delay = 0.00>
ST_2 : Operation 137 [1/1] (0.00ns)   --->   "%mrv_1355 = insertvalue i544 %mrv_1254, i32 %J_visited_0_0" [PHC_v1_v4_NPC_SDA_20khz/ThreadFunction.cpp:832]   --->   Operation 137 'insertvalue' 'mrv_1355' <Predicate = true> <Delay = 0.00>
ST_2 : Operation 138 [1/1] (0.00ns)   --->   "%mrv_1456 = insertvalue i544 %mrv_1355, i32 %J_visited_1_0" [PHC_v1_v4_NPC_SDA_20khz/ThreadFunction.cpp:832]   --->   Operation 138 'insertvalue' 'mrv_1456' <Predicate = true> <Delay = 0.00>
ST_2 : Operation 139 [1/1] (0.00ns)   --->   "%mrv_s = insertvalue i544 %mrv_1456, i32 %J_visited_2_0" [PHC_v1_v4_NPC_SDA_20khz/ThreadFunction.cpp:832]   --->   Operation 139 'insertvalue' 'mrv_s' <Predicate = true> <Delay = 0.00>
ST_2 : Operation 140 [1/1] (0.00ns)   --->   "%mrv_1518 = insertvalue i544 %mrv_s, i32 %J_visited_3_0" [PHC_v1_v4_NPC_SDA_20khz/ThreadFunction.cpp:832]   --->   Operation 140 'insertvalue' 'mrv_1518' <Predicate = true> <Delay = 0.00>
ST_2 : Operation 141 [1/1] (0.00ns)   --->   "%mrv_1519 = insertvalue i544 %mrv_1518, i32 %J_visited_4_0" [PHC_v1_v4_NPC_SDA_20khz/ThreadFunction.cpp:832]   --->   Operation 141 'insertvalue' 'mrv_1519' <Predicate = true> <Delay = 0.00>
ST_2 : Operation 142 [1/1] (0.00ns)   --->   "%mrv_1520 = insertvalue i544 %mrv_1519, i32 %J_visited_5_0" [PHC_v1_v4_NPC_SDA_20khz/ThreadFunction.cpp:832]   --->   Operation 142 'insertvalue' 'mrv_1520' <Predicate = true> <Delay = 0.00>
ST_2 : Operation 143 [1/1] (0.00ns)   --->   "%mrv_1521 = insertvalue i544 %mrv_1520, i32 %J_visited_6_0" [PHC_v1_v4_NPC_SDA_20khz/ThreadFunction.cpp:832]   --->   Operation 143 'insertvalue' 'mrv_1521' <Predicate = true> <Delay = 0.00>
ST_2 : Operation 144 [1/1] (0.00ns)   --->   "%mrv_1522 = insertvalue i544 %mrv_1521, i32 %J_visited_7_0" [PHC_v1_v4_NPC_SDA_20khz/ThreadFunction.cpp:832]   --->   Operation 144 'insertvalue' 'mrv_1522' <Predicate = true> <Delay = 0.00>
ST_2 : Operation 145 [1/1] (0.00ns)   --->   "%mrv_1523 = insertvalue i544 %mrv_1522, i32 %J_visited_8_0" [PHC_v1_v4_NPC_SDA_20khz/ThreadFunction.cpp:832]   --->   Operation 145 'insertvalue' 'mrv_1523' <Predicate = true> <Delay = 0.00>
ST_2 : Operation 146 [1/1] (0.00ns)   --->   "%mrv_1524 = insertvalue i544 %mrv_1523, i8 %helpedList_0_0" [PHC_v1_v4_NPC_SDA_20khz/ThreadFunction.cpp:832]   --->   Operation 146 'insertvalue' 'mrv_1524' <Predicate = true> <Delay = 0.00>
ST_2 : Operation 147 [1/1] (0.00ns)   --->   "%mrv_1525 = insertvalue i544 %mrv_1524, i8 %helpedList_1_0" [PHC_v1_v4_NPC_SDA_20khz/ThreadFunction.cpp:832]   --->   Operation 147 'insertvalue' 'mrv_1525' <Predicate = true> <Delay = 0.00>
ST_2 : Operation 148 [1/1] (0.00ns)   --->   "%mrv_1526 = insertvalue i544 %mrv_1525, i8 %helpedList_2_0" [PHC_v1_v4_NPC_SDA_20khz/ThreadFunction.cpp:832]   --->   Operation 148 'insertvalue' 'mrv_1526' <Predicate = true> <Delay = 0.00>
ST_2 : Operation 149 [1/1] (0.00ns)   --->   "%mrv_1527 = insertvalue i544 %mrv_1526, i8 %helpedList_3_0" [PHC_v1_v4_NPC_SDA_20khz/ThreadFunction.cpp:832]   --->   Operation 149 'insertvalue' 'mrv_1527' <Predicate = true> <Delay = 0.00>
ST_2 : Operation 150 [1/1] (0.00ns)   --->   "%mrv_1528 = insertvalue i544 %mrv_1527, i8 %helpedList_4_0" [PHC_v1_v4_NPC_SDA_20khz/ThreadFunction.cpp:832]   --->   Operation 150 'insertvalue' 'mrv_1528' <Predicate = true> <Delay = 0.00>
ST_2 : Operation 151 [1/1] (0.00ns)   --->   "%mrv_1529 = insertvalue i544 %mrv_1528, i8 %helpedList_5_0" [PHC_v1_v4_NPC_SDA_20khz/ThreadFunction.cpp:832]   --->   Operation 151 'insertvalue' 'mrv_1529' <Predicate = true> <Delay = 0.00>
ST_2 : Operation 152 [1/1] (0.00ns)   --->   "%mrv_1530 = insertvalue i544 %mrv_1529, i8 %helpedList_6_0" [PHC_v1_v4_NPC_SDA_20khz/ThreadFunction.cpp:832]   --->   Operation 152 'insertvalue' 'mrv_1530' <Predicate = true> <Delay = 0.00>
ST_2 : Operation 153 [1/1] (0.00ns)   --->   "%mrv_1531 = insertvalue i544 %mrv_1530, i8 %helpedList_7_0" [PHC_v1_v4_NPC_SDA_20khz/ThreadFunction.cpp:832]   --->   Operation 153 'insertvalue' 'mrv_1531' <Predicate = true> <Delay = 0.00>
ST_2 : Operation 154 [1/1] (0.00ns)   --->   "%mrv_1532 = insertvalue i544 %mrv_1531, i8 %helpedList_8_0" [PHC_v1_v4_NPC_SDA_20khz/ThreadFunction.cpp:832]   --->   Operation 154 'insertvalue' 'mrv_1532' <Predicate = true> <Delay = 0.00>
ST_2 : Operation 155 [1/1] (0.00ns)   --->   "%mrv_31 = insertvalue i544 %mrv_1532, i32 %Jmin_0" [PHC_v1_v4_NPC_SDA_20khz/ThreadFunction.cpp:832]   --->   Operation 155 'insertvalue' 'mrv_31' <Predicate = true> <Delay = 0.00>
ST_2 : Operation 156 [1/1] (0.00ns)   --->   "%mrv_32 = insertvalue i544 %mrv_31, i8 %state_0" [PHC_v1_v4_NPC_SDA_20khz/ThreadFunction.cpp:832]   --->   Operation 156 'insertvalue' 'mrv_32' <Predicate = true> <Delay = 0.00>
ST_2 : Operation 157 [1/1] (0.00ns)   --->   "%mrv_33 = insertvalue i544 %mrv_32, i32 %J_current_0" [PHC_v1_v4_NPC_SDA_20khz/ThreadFunction.cpp:832]   --->   Operation 157 'insertvalue' 'mrv_33' <Predicate = true> <Delay = 0.00>
ST_2 : Operation 158 [1/1] (0.00ns)   --->   "%ret_ln832 = ret i544 %mrv_33" [PHC_v1_v4_NPC_SDA_20khz/ThreadFunction.cpp:832]   --->   Operation 158 'ret' 'ret_ln832' <Predicate = true> <Delay = 0.00>


============================================================
+ Verbose Summary: Timing violations
============================================================
Target clock period: 10ns, clock uncertainty: 2.7ns.

 <State 1>: 3.8ns
The critical path consists of the following:
	wire read operation ('p_read21075') on port 'p_read210' [42]  (0 ns)
	'call' operation ('call_ret', PHC_v1_v4_NPC_SDA_20khz/ThreadFunction.cpp:823) to 'ThreadPE' [93]  (2.61 ns)
	blocking operation 1.19 ns on control path)

 <State 2>: 6.25ns
The critical path consists of the following:
	'call' operation ('call_ret', PHC_v1_v4_NPC_SDA_20khz/ThreadFunction.cpp:823) to 'ThreadPE' [93]  (5.22 ns)
	multiplexor before 'phi' operation ('CalcNum_0', PHC_v1_v4_NPC_SDA_20khz/ThreadFunction.cpp:823) with incoming values : ('p_read137') ('CalcNum_ret', PHC_v1_v4_NPC_SDA_20khz/ThreadFunction.cpp:823) [130]  (1.03 ns)
	'phi' operation ('CalcNum_0', PHC_v1_v4_NPC_SDA_20khz/ThreadFunction.cpp:823) with incoming values : ('p_read137') ('CalcNum_ret', PHC_v1_v4_NPC_SDA_20khz/ThreadFunction.cpp:823) [130]  (0 ns)


============================================================
+ Verbose Summary: Binding
============================================================
N/A
* FSMD analyzer results:
  - Output states:
 - Input state : 
  - Chain level:
	State 1
	State 2


============================================================
+ Verbose Summary: Datapath Resource usage 
============================================================
N/A
