

================================================================
== Vitis HLS Report for 'ThreadPE_Pipeline_TFLOOP3'
================================================================
* Date:           Thu Dec 21 15:32:19 2023

* Version:        2022.1 (Build 3526262 on Mon Apr 18 15:48:16 MDT 2022)
* Project:        PHC_v23_v16_NPC
* Solution:       solution1 (Vivado IP Flow Target)
* Product family: kintex7
* Target device:  xc7k410t-fbg900-1


================================================================
== Performance Estimates
================================================================
+ Timing: 
    * Summary: 
    +--------+----------+----------+------------+
    |  Clock |  Target  | Estimated| Uncertainty|
    +--------+----------+----------+------------+
    |ap_clk  |  10.00 ns|  5.361 ns|     2.70 ns|
    +--------+----------+----------+------------+

+ Latency: 
    * Summary: 
    +---------+---------+----------+----------+-----+-----+---------+
    |  Latency (cycles) |  Latency (absolute) |  Interval | Pipeline|
    |   min   |   max   |    min   |    max   | min | max |   Type  |
    +---------+---------+----------+----------+-----+-----+---------+
    |        ?|        ?|         ?|         ?|    ?|    ?|       no|
    +---------+---------+----------+----------+-----+-----+---------+

    + Detail: 
        * Instance: 
        N/A

        * Loop: 
        +-----------+---------+---------+----------+-----------+-----------+------+----------+
        |           |  Latency (cycles) | Iteration|  Initiation Interval  | Trip |          |
        | Loop Name |   min   |   max   |  Latency |  achieved |   target  | Count| Pipelined|
        +-----------+---------+---------+----------+-----------+-----------+------+----------+
        |- TFLOOP3  |        ?|        ?|         2|          1|          1|     ?|       yes|
        +-----------+---------+---------+----------+-----------+-----------+------+----------+



================================================================
== Utilization Estimates
================================================================
* Summary: 
+-----------------+---------+------+--------+--------+-----+
|       Name      | BRAM_18K|  DSP |   FF   |   LUT  | URAM|
+-----------------+---------+------+--------+--------+-----+
|DSP              |        -|     -|       -|       -|    -|
|Expression       |        -|     -|       0|     110|    -|
|FIFO             |        -|     -|       -|       -|    -|
|Instance         |        -|     -|       0|     153|    -|
|Memory           |        -|     -|       -|       -|    -|
|Multiplexer      |        -|     -|       -|     144|    -|
|Register         |        -|     -|      62|       -|    -|
+-----------------+---------+------+--------+--------+-----+
|Total            |        0|     0|      62|     407|    0|
+-----------------+---------+------+--------+--------+-----+
|Available        |     1590|  1540|  508400|  254200|    0|
+-----------------+---------+------+--------+--------+-----+
|Utilization (%)  |        0|     0|      ~0|      ~0|    0|
+-----------------+---------+------+--------+--------+-----+

+ Detail: 
    * Instance: 
    +---------------------+---------------+---------+----+---+----+-----+
    |       Instance      |     Module    | BRAM_18K| DSP| FF| LUT| URAM|
    +---------------------+---------------+---------+----+---+----+-----+
    |mux_48_16_1_1_U1063  |mux_48_16_1_1  |        0|   0|  0|  17|    0|
    |mux_48_16_1_1_U1064  |mux_48_16_1_1  |        0|   0|  0|  17|    0|
    |mux_48_16_1_1_U1065  |mux_48_16_1_1  |        0|   0|  0|  17|    0|
    |mux_48_16_1_1_U1066  |mux_48_16_1_1  |        0|   0|  0|  17|    0|
    |mux_48_16_1_1_U1067  |mux_48_16_1_1  |        0|   0|  0|  17|    0|
    |mux_48_16_1_1_U1068  |mux_48_16_1_1  |        0|   0|  0|  17|    0|
    |mux_48_32_1_1_U1062  |mux_48_32_1_1  |        0|   0|  0|  17|    0|
    |mux_48_8_1_1_U1061   |mux_48_8_1_1   |        0|   0|  0|  17|    0|
    |mux_48_8_1_1_U1069   |mux_48_8_1_1   |        0|   0|  0|  17|    0|
    +---------------------+---------------+---------+----+---+----+-----+
    |Total                |               |        0|   0|  0| 153|    0|
    +---------------------+---------------+---------+----+---+----+-----+

    * DSP: 
    N/A

    * Memory: 
    N/A

    * FIFO: 
    N/A

    * Expression: 
    +-----------------------+----------+----+---+----+------------+------------+
    |     Variable Name     | Operation| DSP| FF| LUT| Bitwidth P0| Bitwidth P1|
    +-----------------------+----------+----+---+----+------------+------------+
    |add_ln75_fu_671_p2     |         +|   0|  0|  15|           8|           2|
    |ret_V_fu_624_p2        |         +|   0|  0|  16|           9|           9|
    |sub_ln859_fu_665_p2    |         -|   0|  0|  39|          32|          32|
    |and_ln51_fu_641_p2     |       and|   0|  0|   6|           1|           1|
    |ap_condition_144       |       and|   0|  0|   6|           1|           1|
    |icmp_ln1077_fu_630_p2  |      icmp|   0|  0|  11|           9|           5|
    |icmp_ln1081_fu_636_p2  |      icmp|   0|  0|  11|           8|           8|
    |ap_enable_pp0          |       xor|   0|  0|   6|           1|           2|
    +-----------------------+----------+----+---+----+------------+------------+
    |Total                  |          |   0|  0| 110|          69|          60|
    +-----------------------+----------+----+---+----+------------+------------+

    * Multiplexer: 
    +-------------------------+----+-----------+-----+-----------+
    |           Name          | LUT| Input Size| Bits| Total Bits|
    +-------------------------+----+-----------+-----+-----------+
    |J_current_1_fu_168       |   9|          2|   32|         64|
    |ap_done_int              |   9|          2|    1|          2|
    |ap_enable_reg_pp0_iter1  |   9|          2|    1|          2|
    |ap_enable_reg_pp0_iter2  |   9|          2|    1|          2|
    |ap_sig_allocacmp_lhs_1   |   9|          2|    8|         16|
    |helpedList_0_o           |   9|          2|    8|         16|
    |helpedList_1_o           |   9|          2|    8|         16|
    |helpedList_2_o           |   9|          2|    8|         16|
    |helpedList_3_o           |   9|          2|    8|         16|
    |index_1_fu_160           |   9|          2|    8|         16|
    |lhs_fu_164               |   9|          2|    8|         16|
    |location_0_o             |   9|          2|    8|         16|
    |location_1_o             |   9|          2|    8|         16|
    |location_2_o             |   9|          2|    8|         16|
    |location_3_o             |   9|          2|    8|         16|
    |write_flag84_1_reg_566   |   9|          2|    1|          2|
    +-------------------------+----+-----------+-----+-----------+
    |Total                    | 144|         32|  124|        248|
    +-------------------------+----+-----------+-----+-----------+

    * Register: 
    +-------------------------+----+----+-----+-----------+
    |           Name          | FF | LUT| Bits| Const Bits|
    +-------------------------+----+----+-----+-----------+
    |J_current_1_fu_168       |  32|   0|   32|          0|
    |add_ln75_reg_954         |   8|   0|    8|          0|
    |and_ln51_reg_947         |   1|   0|    1|          0|
    |ap_CS_fsm                |   1|   0|    1|          0|
    |ap_done_reg              |   1|   0|    1|          0|
    |ap_enable_reg_pp0_iter1  |   1|   0|    1|          0|
    |ap_enable_reg_pp0_iter2  |   1|   0|    1|          0|
    |index_1_fu_160           |   8|   0|    8|          0|
    |lhs_fu_164               |   8|   0|    8|          0|
    |write_flag84_1_reg_566   |   1|   0|    1|          0|
    +-------------------------+----+----+-----+-----------+
    |Total                    |  62|   0|   62|          0|
    +-------------------------+----+----+-----+-----------+



================================================================
== Interface
================================================================
* Summary: 
+---------------------------+-----+-----+------------+---------------------------+--------------+
|         RTL Ports         | Dir | Bits|  Protocol  |       Source Object       |    C Type    |
+---------------------------+-----+-----+------------+---------------------------+--------------+
|ap_clk                     |   in|    1|  ap_ctrl_hs|  ThreadPE_Pipeline_TFLOOP3|  return value|
|ap_rst                     |   in|    1|  ap_ctrl_hs|  ThreadPE_Pipeline_TFLOOP3|  return value|
|ap_start                   |   in|    1|  ap_ctrl_hs|  ThreadPE_Pipeline_TFLOOP3|  return value|
|ap_done                    |  out|    1|  ap_ctrl_hs|  ThreadPE_Pipeline_TFLOOP3|  return value|
|ap_idle                    |  out|    1|  ap_ctrl_hs|  ThreadPE_Pipeline_TFLOOP3|  return value|
|ap_ready                   |  out|    1|  ap_ctrl_hs|  ThreadPE_Pipeline_TFLOOP3|  return value|
|ap_ce                      |   in|    1|  ap_ctrl_hs|  ThreadPE_Pipeline_TFLOOP3|  return value|
|write_flag84_0             |   in|    1|     ap_none|             write_flag84_0|        scalar|
|empty                      |   in|   32|     ap_none|                      empty|        scalar|
|branch_0                   |   in|    8|     ap_none|                   branch_0|        scalar|
|index_0                    |   in|    8|     ap_none|                    index_0|        scalar|
|helpedList_0_i             |   in|    8|     ap_ovld|               helpedList_0|       pointer|
|helpedList_0_o             |  out|    8|     ap_ovld|               helpedList_0|       pointer|
|helpedList_0_o_ap_vld      |  out|    1|     ap_ovld|               helpedList_0|       pointer|
|helpedList_1_i             |   in|    8|     ap_ovld|               helpedList_1|       pointer|
|helpedList_1_o             |  out|    8|     ap_ovld|               helpedList_1|       pointer|
|helpedList_1_o_ap_vld      |  out|    1|     ap_ovld|               helpedList_1|       pointer|
|helpedList_2_i             |   in|    8|     ap_ovld|               helpedList_2|       pointer|
|helpedList_2_o             |  out|    8|     ap_ovld|               helpedList_2|       pointer|
|helpedList_2_o_ap_vld      |  out|    1|     ap_ovld|               helpedList_2|       pointer|
|helpedList_3_i             |   in|    8|     ap_ovld|               helpedList_3|       pointer|
|helpedList_3_o             |  out|    8|     ap_ovld|               helpedList_3|       pointer|
|helpedList_3_o_ap_vld      |  out|    1|     ap_ovld|               helpedList_3|       pointer|
|assignmentbegintemp_V      |   in|    8|     ap_none|      assignmentbegintemp_V|        scalar|
|p_read29                   |   in|   32|     ap_none|                   p_read29|        scalar|
|p_read30                   |   in|   32|     ap_none|                   p_read30|        scalar|
|p_read32                   |   in|   32|     ap_none|                   p_read32|        scalar|
|p_read33                   |   in|   32|     ap_none|                   p_read33|        scalar|
|location_0_i               |   in|    8|     ap_ovld|                 location_0|       pointer|
|location_0_o               |  out|    8|     ap_ovld|                 location_0|       pointer|
|location_0_o_ap_vld        |  out|    1|     ap_ovld|                 location_0|       pointer|
|location_1_i               |   in|    8|     ap_ovld|                 location_1|       pointer|
|location_1_o               |  out|    8|     ap_ovld|                 location_1|       pointer|
|location_1_o_ap_vld        |  out|    1|     ap_ovld|                 location_1|       pointer|
|location_2_i               |   in|    8|     ap_ovld|                 location_2|       pointer|
|location_2_o               |  out|    8|     ap_ovld|                 location_2|       pointer|
|location_2_o_ap_vld        |  out|    1|     ap_ovld|                 location_2|       pointer|
|location_3_i               |   in|    8|     ap_ovld|                 location_3|       pointer|
|location_3_o               |  out|    8|     ap_ovld|                 location_3|       pointer|
|location_3_o_ap_vld        |  out|    1|     ap_ovld|                 location_3|       pointer|
|p_read3                    |   in|   16|     ap_none|                    p_read3|        scalar|
|p_read10                   |   in|   16|     ap_none|                   p_read10|        scalar|
|p_read16                   |   in|   16|     ap_none|                   p_read16|        scalar|
|p_read22                   |   in|   16|     ap_none|                   p_read22|        scalar|
|xn_current_0               |  out|   16|      ap_vld|               xn_current_0|       pointer|
|xn_current_0_ap_vld        |  out|    1|      ap_vld|               xn_current_0|       pointer|
|p_read5                    |   in|   16|     ap_none|                    p_read5|        scalar|
|p_read11                   |   in|   16|     ap_none|                   p_read11|        scalar|
|p_read17                   |   in|   16|     ap_none|                   p_read17|        scalar|
|p_read23                   |   in|   16|     ap_none|                   p_read23|        scalar|
|xn_current_1               |  out|   16|      ap_vld|               xn_current_1|       pointer|
|xn_current_1_ap_vld        |  out|    1|      ap_vld|               xn_current_1|       pointer|
|p_read6                    |   in|   16|     ap_none|                    p_read6|        scalar|
|p_read12                   |   in|   16|     ap_none|                   p_read12|        scalar|
|p_read18                   |   in|   16|     ap_none|                   p_read18|        scalar|
|p_read24                   |   in|   16|     ap_none|                   p_read24|        scalar|
|xn_current_2               |  out|   16|      ap_vld|               xn_current_2|       pointer|
|xn_current_2_ap_vld        |  out|    1|      ap_vld|               xn_current_2|       pointer|
|p_read7                    |   in|   16|     ap_none|                    p_read7|        scalar|
|p_read13                   |   in|   16|     ap_none|                   p_read13|        scalar|
|p_read19                   |   in|   16|     ap_none|                   p_read19|        scalar|
|p_read25                   |   in|   16|     ap_none|                   p_read25|        scalar|
|xn_current_3               |  out|   16|      ap_vld|               xn_current_3|       pointer|
|xn_current_3_ap_vld        |  out|    1|      ap_vld|               xn_current_3|       pointer|
|p_read8                    |   in|   16|     ap_none|                    p_read8|        scalar|
|p_read14                   |   in|   16|     ap_none|                   p_read14|        scalar|
|p_read20                   |   in|   16|     ap_none|                   p_read20|        scalar|
|p_read26                   |   in|   16|     ap_none|                   p_read26|        scalar|
|xn_current_4               |  out|   16|      ap_vld|               xn_current_4|       pointer|
|xn_current_4_ap_vld        |  out|    1|      ap_vld|               xn_current_4|       pointer|
|p_read9                    |   in|   16|     ap_none|                    p_read9|        scalar|
|p_read15                   |   in|   16|     ap_none|                   p_read15|        scalar|
|p_read21                   |   in|   16|     ap_none|                   p_read21|        scalar|
|p_read27                   |   in|   16|     ap_none|                   p_read27|        scalar|
|xn_current_5               |  out|   16|      ap_vld|               xn_current_5|       pointer|
|xn_current_5_ap_vld        |  out|    1|      ap_vld|               xn_current_5|       pointer|
|write_flag84_1_out         |  out|    1|      ap_vld|         write_flag84_1_out|       pointer|
|write_flag84_1_out_ap_vld  |  out|    1|      ap_vld|         write_flag84_1_out|       pointer|
|J_current_1_out            |  out|   32|      ap_vld|            J_current_1_out|       pointer|
|J_current_1_out_ap_vld     |  out|    1|      ap_vld|            J_current_1_out|       pointer|
|lhs_out                    |  out|    8|      ap_vld|                    lhs_out|       pointer|
|lhs_out_ap_vld             |  out|    1|      ap_vld|                    lhs_out|       pointer|
|index_1_out                |  out|    8|      ap_vld|                index_1_out|       pointer|
|index_1_out_ap_vld         |  out|    1|      ap_vld|                index_1_out|       pointer|
|rhs_out                    |  out|    8|      ap_vld|                    rhs_out|       pointer|
|rhs_out_ap_vld             |  out|    1|      ap_vld|                    rhs_out|       pointer|
|trunc_ln6_out              |  out|    2|      ap_vld|              trunc_ln6_out|       pointer|
|trunc_ln6_out_ap_vld       |  out|    1|      ap_vld|              trunc_ln6_out|       pointer|
+---------------------------+-----+-----+------------+---------------------------+--------------+

